// Jest Snapshot v1, https://goo.gl/fbAQLP

exports[`Calculator Renders correctly 1`] = `
<div
  className="row"
>
  <div
    className="col-12 cal-wrapper"
  >
    <div
      className="row header-wrapper"
    >
      <div
        className="col-12"
      >
        <h1
          className="normal-heading"
        >
          PAYE Calculator
        </h1>
      </div>
    </div>
    <div
      className="row form-wrapper"
    >
      <div
        className="col-12"
      >
        <form
          className="theForm"
          onSubmit={[Function]}
        >
          <div
            className="form-group"
          >
            <label
              htmlFor="year"
            >
               Taxation Year: 
            </label>
            <select
              className="custom-select"
              id="year"
              name="year"
              onChange={[Function]}
              value=""
            >
              <option
                selected={true}
                value=""
              >
                 - Select Year - 
              </option>
              <option
                value="2020"
              >
                 2020 
              </option>
            </select>
          </div>
          <div
            className="form-group"
          >
            <label
              htmlFor="grossPay"
            >
               Gross Income: 
            </label>
            <input
              className="form-control"
              id="grossPay"
              name="grossPay"
              onChange={[Function]}
              placeholder="75000"
              type="number"
              value={0}
            />
          </div>
          <div
            className="form-group"
          >
            <label
              style={
                Object {
                  "display": "block",
                }
              }
            >
               NSSF Contribution: 
            </label>
            <div
              className="custom-control custom-radio custom-control-inline"
            >
              <input
                checked={false}
                className="custom-control-input"
                id="old"
                name="nssf"
                onChange={[Function]}
                type="radio"
                value="old"
              />
              <label
                className="custom-control-label"
                htmlFor="old"
              >
                 Old (200) 
              </label>
            </div>
            <div
              className="custom-control custom-radio custom-control-inline"
            >
              <input
                checked={false}
                className="custom-control-input"
                id="new"
                name="nssf"
                onChange={[Function]}
                type="radio"
                value="new"
              />
              <label
                className="custom-control-label"
                htmlFor="new"
              >
                 New (Tiered) 
              </label>
            </div>
          </div>
          <div
            className="form-group disability"
          >
            <div
              className="custom-control custom-checkbox"
            >
              <input
                checked={false}
                className="custom-control-input"
                id="isExempted"
                name="isExempted"
                onChange={[Function]}
                type="checkbox"
                value="true"
              />
              <label
                className="custom-control-label"
                htmlFor="isExempted"
              >
                 I have Disability Tax Exemption Certificate 
              </label>
            </div>
          </div>
          <div
            className="form-group"
          >
            <button
              className="btn btn-primary"
              type="submit"
            >
              Calculate
            </button>
          </div>
        </form>
      </div>
    </div>
  </div>
  <div
    className="w-100"
  />
  <div
    className="col-12"
  >
    <div
      className="row results-wrapper"
    >
      <div
        className="col-12"
      >
        <div
          className="row header-wrapper"
        >
          <div
            className="col-12"
          >
            <h3
              className="normal-heading"
            >
              Results
            </h3>
          </div>
        </div>
        <table
          className="table table-striped"
        >
          <tbody>
            <tr>
              <td>
                 Gross Income: 
              </td>
              <td>
                 Year: 
                
                 - GrossPay: 
                0
                 - NSSF: 
                
                 - isExempted: 
                false
                 
              </td>
            </tr>
            <tr>
              <td>
                 NSSF Contribution: 
              </td>
              <td>
                 0 
              </td>
            </tr>
            <tr>
              <td>
                 Total Deduction: 
              </td>
              <td>
                 0 
              </td>
            </tr>
            <tr>
              <td>
                 Taxable Income: 
              </td>
              <td>
                 0 
              </td>
            </tr>
            <tr>
              <td>
                 Personal Relief: 
              </td>
              <td>
                 0 
              </td>
            </tr>
            <tr>
              <td>
                 PAYE: 
              </td>
              <td>
                 0 
              </td>
            </tr>
          </tbody>
        </table>
      </div>
    </div>
  </div>
</div>
`;
